// Jest Snapshot v1, https://goo.gl/fbAQLP

exports[`Snapshot Test 1`] = `
Object {
  "Mappings": Object {
    "AWSCloudFrontPartitionHostedZoneIdMap": Object {
      "aws": Object {
        "zoneId": "Z2FDTNDATAQYW2",
      },
      "aws-cn": Object {
        "zoneId": "Z3RFFRIM2A3IF5",
      },
    },
  },
  "Resources": Object {
    "s3cloudfrontminiappBucket693B357F": Object {
      "DeletionPolicy": "Delete",
      "Properties": Object {
        "BucketName": "miniapp.test.lycle-line.jp",
        "PublicAccessBlockConfiguration": Object {
          "BlockPublicAcls": true,
          "BlockPublicPolicy": true,
          "IgnorePublicAcls": true,
          "RestrictPublicBuckets": true,
        },
      },
      "Type": "AWS::S3::Bucket",
      "UpdateReplacePolicy": "Delete",
    },
    "s3cloudfrontminiappBucketPolicyBC3D36A7": Object {
      "Properties": Object {
        "Bucket": Object {
          "Ref": "s3cloudfrontminiappBucket693B357F",
        },
        "PolicyDocument": Object {
          "Statement": Array [
            Object {
              "Action": Array [
                "s3:GetObject*",
                "s3:GetBucket*",
                "s3:List*",
              ],
              "Effect": "Allow",
              "Principal": Object {
                "CanonicalUser": Object {
                  "Fn::GetAtt": Array [
                    "s3cloudfrontminiappS3856D5357",
                    "S3CanonicalUserId",
                  ],
                },
              },
              "Resource": Array [
                Object {
                  "Fn::GetAtt": Array [
                    "s3cloudfrontminiappBucket693B357F",
                    "Arn",
                  ],
                },
                Object {
                  "Fn::Join": Array [
                    "",
                    Array [
                      Object {
                        "Fn::GetAtt": Array [
                          "s3cloudfrontminiappBucket693B357F",
                          "Arn",
                        ],
                      },
                      "/*",
                    ],
                  ],
                },
              ],
            },
          ],
          "Version": "2012-10-17",
        },
      },
      "Type": "AWS::S3::BucketPolicy",
    },
    "s3cloudfrontminiappDistributionCFDistribution9DD28D9D": Object {
      "Properties": Object {
        "DistributionConfig": Object {
          "Aliases": Array [
            "miniapp.test.lycle-line.jp",
          ],
          "CustomErrorResponses": Array [
            Object {
              "ErrorCode": 403,
              "ResponseCode": 200,
              "ResponsePagePath": "/index.html",
            },
            Object {
              "ErrorCode": 404,
              "ResponseCode": 200,
              "ResponsePagePath": "/index.html",
            },
          ],
          "DefaultCacheBehavior": Object {
            "AllowedMethods": Array [
              "GET",
              "HEAD",
            ],
            "CachedMethods": Array [
              "GET",
              "HEAD",
            ],
            "Compress": false,
            "ForwardedValues": Object {
              "Cookies": Object {
                "Forward": "none",
              },
              "QueryString": false,
            },
            "TargetOriginId": "origin1",
            "ViewerProtocolPolicy": "redirect-to-https",
          },
          "DefaultRootObject": "index.html",
          "Enabled": true,
          "HttpVersion": "http2",
          "IPV6Enabled": true,
          "Origins": Array [
            Object {
              "ConnectionAttempts": 3,
              "ConnectionTimeout": 10,
              "DomainName": Object {
                "Fn::GetAtt": Array [
                  "s3cloudfrontminiappBucket693B357F",
                  "RegionalDomainName",
                ],
              },
              "Id": "origin1",
              "S3OriginConfig": Object {
                "OriginAccessIdentity": Object {
                  "Fn::Join": Array [
                    "",
                    Array [
                      "origin-access-identity/cloudfront/",
                      Object {
                        "Ref": "s3cloudfrontminiappS3856D5357",
                      },
                    ],
                  ],
                },
              },
            },
          ],
          "PriceClass": "PriceClass_All",
          "ViewerCertificate": Object {
            "AcmCertificateArn": "arn:aws:acm:ap-northeast-1:000000000000:certificate/ffffffff-ffff-ffff-ffff-ffffffffffff",
            "MinimumProtocolVersion": "TLSv1.2_2019",
            "SslSupportMethod": "sni-only",
          },
        },
      },
      "Type": "AWS::CloudFront::Distribution",
    },
    "s3cloudfrontminiappRoute53EF2C81AF": Object {
      "Properties": Object {
        "AliasTarget": Object {
          "DNSName": Object {
            "Fn::GetAtt": Array [
              "s3cloudfrontminiappDistributionCFDistribution9DD28D9D",
              "DomainName",
            ],
          },
          "HostedZoneId": Object {
            "Fn::FindInMap": Array [
              "AWSCloudFrontPartitionHostedZoneIdMap",
              Object {
                "Ref": "AWS::Partition",
              },
              "zoneId",
            ],
          },
        },
        "HostedZoneId": "Z000000000AAAAAAA0AA0",
        "Name": "miniapp.test.lycle-line.jp.",
        "Type": "A",
      },
      "Type": "AWS::Route53::RecordSet",
    },
    "s3cloudfrontminiappS3856D5357": Object {
      "Properties": Object {
        "CloudFrontOriginAccessIdentityConfig": Object {
          "Comment": "TodonPartyBucket-TestStack",
        },
      },
      "Type": "AWS::CloudFront::CloudFrontOriginAccessIdentity",
    },
  },
}
`;
